-
- X.X

#This is the [Bandit by OverTheWire](https://overthewire.org/wargames/bandit/)

#### TimeForCode!!!
#### FirstCommands.

Initializing with primary commands in the lab. 

your@user: ssh bandit0@bandit.labs.overthewire.org -p 2220  

bandit0@bandit:~$ ls -lah
total 24K
drwxr-xr-x  2 root    root    4.0K Sep  1 06:30 .
drwxr-xr-x 49 root    root    4.0K Sep  1 06:30 ..
-rw-r--r--  1 root    root     220 Jan  6  2022 .bash_logout
-rw-r--r--  1 root    root    3.7K Jan  6  2022 .bashrc
-rw-r--r--  1 root    root     807 Jan  6  2022 .profile
-rw-r-----  1 bandit1 bandit0   33 Sep  1 06:30 readme

bandit0@bandit:~$ cat readme
NH2SXQwcBdpmTEzi3bvBHMM9H66vVXjL

bandit0@bandit:~$ ssh bandit1@bandit.labs.overthewire.org -p 2220

                         _                     _ _ _   
                        | |__   __ _ _ __   __| (_) |_ 
                        | '_ \ / _` | '_ \ / _` | | __|
                        | |_) | (_| | | | | (_| | | |_ 
                        |_.__/ \__,_|_| |_|\__,_|_|\__|
                                                       

                      This is an OverTheWire game server. 
            More information on http://www.overthewire.org/wargames

bandit1@bandit.labs.overthewire.org's password: (password-flag-bandit0to1)

bandit1@bandit:~$ ls

bandit1@bandit:~$ ls -lah
total 24K
-rw-r-----  1 bandit2 bandit1   33 Sep  1 06:30 -
drwxr-xr-x  2 root    root    4.0K Sep  1 06:30 .
drwxr-xr-x 49 root    root    4.0K Sep  1 06:30 ..
-rw-r--r--  1 root    root     220 Jan  6  2022 .bash_logout
-rw-r--r--  1 root    root    3.7K Jan  6  2022 .bashrc
-rw-r--r--  1 root    root     807 Jan  6  2022 .profile
bandit1@bandit:~$ cat ./-
rRGizSaX8Mk1RTb1CNQoXTcYZWU6lgzi

bandit1@bandit:~$ ssh bandit2@bandit.labs.overthewire.org -p 2220
                         _                     _ _ _   
                        | |__   __ _ _ __   __| (_) |_ 
                        | '_ \ / _` | '_ \ / _` | | __|
                        | |_) | (_| | | | | (_| | | |_ 
                        |_.__/ \__,_|_| |_|\__,_|_|\__|
                                                       

                      This is an OverTheWire game server. 
            More information on http://www.overthewire.org/wargames
 
bandit1@bandit.labs.overthewire.org's password: (password-flag-bandit1to2)

bandit2@bandit:~$ ls 
spaces in this filename
bandit2@bandit:~$ ls -lah
total 24K
drwxr-xr-x  2 root    root    4.0K Sep  1 06:30 .
drwxr-xr-x 49 root    root    4.0K Sep  1 06:30 ..
-rw-r--r--  1 root    root     220 Jan  6  2022 .bash_logout
-rw-r--r--  1 root    root    3.7K Jan  6  2022 .bashrc
-rw-r--r--  1 root    root     807 Jan  6  2022 .profile
-rw-r-----  1 bandit3 bandit2   33 Sep  1 06:30 spaces in this filename

bandit2@bandit:~$ cat < - spaces in this filename
-bash: -: No such file or directory

bandit2@bandit:~$ cat ./- spaces\ in\ this\ filename 
cat: ./-: No such file or directory
(password=buggedhere)

bandit2@bandit:~$ cat "spaces in this filename"
aBZ0W5EmUfAf7kHTQeOwd8bauFJ2lAiG

bandit2@bandit:~$ ssh bandit3@bandit.labs.overthewire.org -p 2220
                         _                     _ _ _   
                        | |__   __ _ _ __   __| (_) |_ 
                        | '_ \ / _` | '_ \ / _` | | __|
                        | |_) | (_| | | | | (_| | | |_ 
                        |_.__/ \__,_|_| |_|\__,_|_|\__|
                                                       

                      This is an OverTheWire game server. 
            More information on http://www.overthewire.org/wargames

bandit3@bandit.labs.overthewire.org's password: (password-flag-bandit2to3) 

bandit3@bandit:~$ ls 
inhere
bandit3@bandit:~$ ls -lah
total 24K
drwxr-xr-x  3 root root 4.0K Sep  1 06:30 .
drwxr-xr-x 49 root root 4.0K Sep  1 06:30 ..
-rw-r--r--  1 root root  220 Jan  6  2022 .bash_logout
-rw-r--r--  1 root root 3.7K Jan  6  2022 .bashrc
drwxr-xr-x  2 root root 4.0K Sep  1 06:30 inhere

bandit3@bandit:~$ cd inhere/

#inside in directory

bandit3@bandit:~/inhere$ ls -lah
total 12K
drwxr-xr-x 2 root    root    4.0K Sep  1 06:30 .
drwxr-xr-x 3 root    root    4.0K Sep  1 06:30 ..
-rw-r----- 1 bandit4 bandit3   33 Sep  1 06:30 .hidden

bandit3@bandit:~/inhere$ nano .hidden
Unable to create directory /home/bandit3/.local/share/nano/: No such file or directory
It is required for saving/loading search history or cursor positions.

#result(password inside the file)

bandit3@bandit:~/inhere$ (inside the nano press ctrl+x, next NO: ready is done) 

bandit3@bandit:~/inhere$ ssh bandit4@bandit.labs.overthewire.org -p 2220
                         _                     _ _ _   
                        | |__   __ _ _ __   __| (_) |_ 
                        | '_ \ / _` | '_ \ / _` | | __|
                        | |_) | (_| | | | | (_| | | |_ 
                        |_.__/ \__,_|_| |_|\__,_|_|\__|
                                                       

                      This is an OverTheWire game server. 
            More information on http://www.overthewire.org/wargames

bandit4@bandit.labs.overthewire.org's password: (password-flag-bandit3to4) 

bandit4@bandit:~$ ls -lah
total 24K
drwxr-xr-x  3 root root 4.0K Sep  1 06:30 .
drwxr-xr-x 49 root root 4.0K Sep  1 06:30 ..
-rw-r--r--  1 root root  220 Jan  6  2022 .bash_logout
-rw-r--r--  1 root root 3.7K Jan  6  2022 .bashrc
drwxr-xr-x  2 root root 4.0K Sep  1 06:30 inhere
-rw-r--r--  1 root root  807 Jan  6  2022 .profile

bandit4@bandit:~$ cd inhere/
bandit4@bandit:~/inhere$ ls -lah
total 48K
drwxr-xr-x 2 root    root    4.0K Sep  1 06:30 .
drwxr-xr-x 3 root    root    4.0K Sep  1 06:30 ..
-rw-r----- 1 bandit5 bandit4   33 Sep  1 06:30 -file00
-rw-r----- 1 bandit5 bandit4   33 Sep  1 06:30 -file01
-rw-r----- 1 bandit5 bandit4   33 Sep  1 06:30 -file02
-rw-r----- 1 bandit5 bandit4   33 Sep  1 06:30 -file03
-rw-r----- 1 bandit5 bandit4   33 Sep  1 06:30 -file04
-rw-r----- 1 bandit5 bandit4   33 Sep  1 06:30 -file05
-rw-r----- 1 bandit5 bandit4   33 Sep  1 06:30 -file06
-rw-r----- 1 bandit5 bandit4   33 Sep  1 06:30 -file07
-rw-r----- 1 bandit5 bandit4   33 Sep  1 06:30 -file08
-rw-r----- 1 bandit5 bandit4   33 Sep  1 06:30 -file09

bandit4@bandit:~/inhere$ cat < -file07
lrIWWI6bB37kxfiCQZqUdOIYfr6eEeqR

bandit4@bandit:~/inhere$ ssh bandit5@bandit.labs.overthewire.org -p 2220
                         _                     _ _ _   
                        | |__   __ _ _ __   __| (_) |_ 
                        | '_ \ / _` | '_ \ / _` | | __|
                        | |_) | (_| | | | | (_| | | |_ 
                        |_.__/ \__,_|_| |_|\__,_|_|\__|
                                                       

                      This is an OverTheWire game server. 
            More information on http://www.overthewire.org/wargames

bandit5@bandit.labs.overthewire.org's password: (password-flag-bandit4to5) 

bandit5@bandit:~$ ls -lah
total 24K
drwxr-xr-x  3 root root    4.0K Sep  1 06:30 .
drwxr-xr-x 49 root root    4.0K Sep  1 06:30 ..
-rw-r--r--  1 root root     220 Jan  6  2022 .bash_logout
-rw-r--r--  1 root root    3.7K Jan  6  2022 .bashrc
drwxr-x--- 22 root bandit5 4.0K Sep  1 06:30 inhere
-rw-r--r--  1 root root     807 Jan  6  2022 .profile

bandit5@bandit:~$ cd inhere/

bandit5@bandit:~/inhere$ ls -ll
total 80
drwxr-x--- 2 root bandit5 4096 Sep  1 06:30 maybehere00
drwxr-x--- 2 root bandit5 4096 Sep  1 06:30 maybehere01
drwxr-x--- 2 root bandit5 4096 Sep  1 06:30 maybehere02
drwxr-x--- 2 root bandit5 4096 Sep  1 06:30 maybehere03
drwxr-x--- 2 root bandit5 4096 Sep  1 06:30 maybehere04
drwxr-x--- 2 root bandit5 4096 Sep  1 06:30 maybehere05
drwxr-x--- 2 root bandit5 4096 Sep  1 06:30 maybehere06
drwxr-x--- 2 root bandit5 4096 Sep  1 06:30 maybehere07
drwxr-x--- 2 root bandit5 4096 Sep  1 06:30 maybehere08
drwxr-x--- 2 root bandit5 4096 Sep  1 06:30 maybehere09
drwxr-x--- 2 root bandit5 4096 Sep  1 06:30 maybehere10
drwxr-x--- 2 root bandit5 4096 Sep  1 06:30 maybehere11
drwxr-x--- 2 root bandit5 4096 Sep  1 06:30 maybehere12
drwxr-x--- 2 root bandit5 4096 Sep  1 06:30 maybehere13
drwxr-x--- 2 root bandit5 4096 Sep  1 06:30 maybehere14
drwxr-x--- 2 root bandit5 4096 Sep  1 06:30 maybehere15
drwxr-x--- 2 root bandit5 4096 Sep  1 06:30 maybehere16
drwxr-x--- 2 root bandit5 4096 Sep  1 06:30 maybehere17
drwxr-x--- 2 root bandit5 4096 Sep  1 06:30 maybehere18
drwxr-x--- 2 root bandit5 4096 Sep  1 06:30 maybehere19

bandit5@bandit:~/inhere$ find . -readable -size 1033c ! -executable
./maybehere07/.file2

bandit5@bandit:~/inhere$ cat maybehere07/.file2
P4L4vucdmLnm8I7Vl7jG1ApGSfjYKqJU

### In the next commit Zz-zZ

[Bandit, five to ten, here n-n](https://github.com/NBx95/OverTheWire-labs/blob/main/Bandit-ssh-beginner/bandit0-ssh%40five-to-ten)
