-
-
### Bandit-ssh@

your@user: ssh bandit0@bandit.labs.overthewire.org -p 2220  
The authenticity of host '[bandit.labs.overthewire.org]:2220 ([13.50.18.243]:2220)' can't be established.
ED25519 key fingerprint is SHA256:C2ihUBV7ihnV1wUXRb4RrEcLfXC5CXlhmAAM/urerLY.
This key is not known by any other names
Are you sure you want to continue connecting (yes/no/[fingerprint])? yes
Warning: Permanently added '[bandit.labs.overthewire.org]:2220' (ED25519) to the list of known hosts.
                         _                     _ _ _   
                        | |__   __ _ _ __   __| (_) |_ 
                        | '_ \ / _` | '_ \ / _` | | __|
                        | |_) | (_| | | | | (_| | | |_ 
                        |_.__/ \__,_|_| |_|\__,_|_|\__|
                                                       

                      This is an OverTheWire game server. 
            More information on http://www.overthewire.org/wargames

bandit0@bandit.labs.overthewire.org's password: 

bandit0@bandit:~$ ls -lah
total 24K
drwxr-xr-x  2 root    root    4.0K Sep  1 06:30 .
drwxr-xr-x 49 root    root    4.0K Sep  1 06:30 ..
-rw-r--r--  1 root    root     220 Jan  6  2022 .bash_logout
-rw-r--r--  1 root    root    3.7K Jan  6  2022 .bashrc
-rw-r--r--  1 root    root     807 Jan  6  2022 .profile
-rw-r-----  1 bandit1 bandit0   33 Sep  1 06:30 readme

bandit0@bandit:~$ cat readme
flag-bandit0to1: *****

##
##
##

bandit0@bandit:~$ ssh bandit1@bandit.labs.overthewire.org -p 2220
The authenticity of host '[bandit.labs.overthewire.org]:2220 ([127.0.0.1]:2220)' can't be established.
ED25519 key fingerprint is SHA256:C2ihUBV7ihnV1wUXRb4RrEcLfXC5CXlhmAAM/urerLY.
This key is not known by any other names
Are you sure you want to continue connecting (yes/no/[fingerprint])? yes
-
Could not create directory '/home/bandit0/.ssh' (Permission denied).
Failed to add the host to the list of known hosts (/home/bandit0/.ssh/known_hosts).
                         _                     _ _ _   
                        | |__   __ _ _ __   __| (_) |_ 
                        | '_ \ / _` | '_ \ / _` | | __|
                        | |_) | (_| | | | | (_| | | |_ 
                        |_.__/ \__,_|_| |_|\__,_|_|\__|
                                                       

                      This is an OverTheWire game server. 
            More information on http://www.overthewire.org/wargames

bandit1@bandit.labs.overthewire.org's password: (password-flag-bandit0to1)

bandit1@bandit:~$ ls
-
bandit1@bandit:~$ ls -lah
total 24K
-rw-r-----  1 bandit2 bandit1   33 Sep  1 06:30 -
drwxr-xr-x  2 root    root    4.0K Sep  1 06:30 .
drwxr-xr-x 49 root    root    4.0K Sep  1 06:30 ..
-rw-r--r--  1 root    root     220 Jan  6  2022 .bash_logout
-rw-r--r--  1 root    root    3.7K Jan  6  2022 .bashrc
-rw-r--r--  1 root    root     807 Jan  6  2022 .profile
bandit1@bandit:~$ cat ./-
flag-bandit1to2: *****

##
##
##

bandit1@bandit:~$ ssh bandit2@bandit.labs.overthewire.org -p 2220
The authenticity of host '[bandit.labs.overthewire.org]:2220 ([127.0.0.1]:2220)' can't be established.
ED25519 key fingerprint is SHA256:C2ihUBV7ihnV1wUXRb4RrEcLfXC5CXlhmAAM/urerLY.
This key is not known by any other names
Are you sure you want to continue connecting (yes/no/[fingerprint])? yes
Could not create directory '/home/bandit1/.ssh' (Permission denied).
Failed to add the host to the list of known hosts (/home/bandit1/.ssh/known_hosts).
                         _                     _ _ _   
                        | |__   __ _ _ __   __| (_) |_ 
                        | '_ \ / _` | '_ \ / _` | | __|
                        | |_) | (_| | | | | (_| | | |_ 
                        |_.__/ \__,_|_| |_|\__,_|_|\__|
                                                       

                      This is an OverTheWire game server. 
            More information on http://www.overthewire.org/wargames
 
bandit1@bandit.labs.overthewire.org's password: (password-flag-bandit1to2)

bandit2@bandit:~$ ls 
spaces in this filename

bandit2@bandit:~$ ls -lah
total 24K
drwxr-xr-x  2 root    root    4.0K Sep  1 06:30 .
drwxr-xr-x 49 root    root    4.0K Sep  1 06:30 ..
-rw-r--r--  1 root    root     220 Jan  6  2022 .bash_logout
-rw-r--r--  1 root    root    3.7K Jan  6  2022 .bashrc
-rw-r--r--  1 root    root     807 Jan  6  2022 .profile
-rw-r-----  1 bandit3 bandit2   33 Sep  1 06:30 spaces in this filename

bandit2@bandit:~$ cat < - spaces in this filename
-bash: -: No such file or directory

bandit2@bandit:~$ cat ./- spaces\ in\ this\ filename 
cat: ./-: No such file or directory
(password=buggedhere)

bandit2@bandit:~$ cat "spaces in this filename"
flag-bandit2to3: *****

##
##
##

bandit2@bandit:~$ ssh bandit3@bandit.labs.overthewire.org -p 2220
The authenticity of host '[bandit.labs.overthewire.org]:2220 ([127.0.0.1]:2220)' can't be established.
ED25519 key fingerprint is SHA256:C2ihUBV7ihnV1wUXRb4RrEcLfXC5CXlhmAAM/urerLY.
This key is not known by any other names
Are you sure you want to continue connecting (yes/no/[fingerprint])? yes
Could not create directory '/home/bandit2/.ssh' (Permission denied).
Failed to add the host to the list of known hosts (/home/bandit2/.ssh/known_hosts).
                         _                     _ _ _   
                        | |__   __ _ _ __   __| (_) |_ 
                        | '_ \ / _` | '_ \ / _` | | __|
                        | |_) | (_| | | | | (_| | | |_ 
                        |_.__/ \__,_|_| |_|\__,_|_|\__|
                                                       

                      This is an OverTheWire game server. 
            More information on http://www.overthewire.org/wargames

bandit3@bandit.labs.overthewire.org's password: (password-flag-bandit2to3) 

bandit3@bandit:~$ ls 
inhere
bandit3@bandit:~$ ls -lah
total 24K
drwxr-xr-x  3 root root 4.0K Sep  1 06:30 .
drwxr-xr-x 49 root root 4.0K Sep  1 06:30 ..
-rw-r--r--  1 root root  220 Jan  6  2022 .bash_logout
-rw-r--r--  1 root root 3.7K Jan  6  2022 .bashrc
drwxr-xr-x  2 root root 4.0K Sep  1 06:30 inhere
-rw-r--r--  1 root root  807 Jan  6  2022 .profile

bandit3@bandit:~$ cd inhere/

#inside in directory

bandit3@bandit:~/inhere$ ls -lah
total 12K
drwxr-xr-x 2 root    root    4.0K Sep  1 06:30 .
drwxr-xr-x 3 root    root    4.0K Sep  1 06:30 ..
-rw-r----- 1 bandit4 bandit3   33 Sep  1 06:30 .hidden

bandit3@bandit:~/inhere$ nano .hidden
Unable to create directory /home/bandit3/.local/share/nano/: No such file or directory
It is required for saving/loading search history or cursor positions.

#result(password inside the file)
bandit3@bandit:~/inhere$ (inside the nano press ctrl+x, next NO: ready is done) 



